106.14.254.164
109.72.83.209
1337.abcvg.info
135.181.197.114
144.76.82.110
147.78.245.128
148.251.53.72
149.202.88.193
149.28.47.87
151.80.120.115
155.248.196.36
156.234.201.18
159.69.59.237
159.69.65.157
163.172.209.40
176.123.1.180
178.170.48.154
180.97.219.76
184.105.151.166
185.134.22.3
185.148.3.231
185.181.60.155
185.21.216.185
186.10.181.180
186.64.120.240
193.122.14.224
193.37.214.12
193.42.111.57
194.26.229.47
194.53.137.231
198.100.149.66
199.217.118.72
207.241.226.111
207.241.231.226
208.83.20.20
209.141.59.16
209.209.112.121
212.6.3.67
212.83.181.109
213.108.105.23
213.108.129.160
222.217.125.99
34.89.30.59
34.94.213.23
35.227.12.84
37.59.48.81
39.106.122.67
41.79.68.156
45.129.2.178
45.154.253.4
45.76.236.211
45.92.156.182
50.116.14.248
51.158.144.42
5.161.62.40
51.81.200.170
51.81.46.170
5.182.206.171
5.188.6.45
52.58.128.163
5.79.244.104
60-fps.org
61.164.110.198
62.210.217.207
65.21.91.32
74.120.175.165
7.rarbg.me
7.rarbg.to
88.80.28.7
8.rarbg.com
8.rarbg.to
93.104.214.40
93.158.213.92
95.107.48.115
95.217.161.135
95.217.167.10
960303.xyz
9.rarbg.com
9.rarbg.me
9.rarbg.to
admin.videoenpoche.info
a.leopard-raws.org
alltorrents.net
anidex.moe
announce.partis.si
atrack.pow7.com
bclearning.top
beertracker.ml
bluebird-hd.org
bt1.archive.org
bt2.54new.com
bt2.archive.org
bt2.edwardk.info
bt.3dmgame.com
bt.ali213.net
bt.beatrice-raws.org
bt.edwardk.info
bt.firebit.org
bt.hliang.com
bt.oiyo.tk
bt.okmp3.ru
btracker.top
bttracker.debian.org
bt-tracker.gamexp.ru
bt.unionpeer.org
btx.anifilm.tv
bt.zlofenix.org
bubu.mapfactor.com
camera.lei001.com
chihaya-heroku.120181311.xyz
concen.org
cutiegirl.ru
datascene.net
denis.stalker.upeer.me
deviloid.net
ed2k.vip
exodus.desync.com
explodie.org
fe.dealclub.de
fosstorrents.com
freerainbowtables.com
funfile.org
fxtt.ru
git.vulnix.sh
hdreactor.org
ipv4.tracker.harry.lu
irrenhaus.dyndns.dk
kaztorka.org
masters-tb.com
mirror.aptus.co.tz
mixfiend.com
movies.zsw.ca
mts.tvbit.co
music-torrent.net
mvgforumtracker.mvgroup.org
mvgroup.org
nyaa.tracker.wf
oldboystudy.com
open.acgnxtracker.com
open.acgtracker.com
openbittorrent.com
open.free-tracker.ga
open.lolicon.eu
open.nyaatorrents.info
open.stealth.si
opentracker.acgnx.com
opentracker.acgnx.se
open.tracker.cl
opentracker.i2p.rocks
open.tracker.ink
opentrackr.org
p4p.arenabg.com
peertube.cpy.re
potuk.com
pow7.com
proaudiotorrents.org
public.publictracker.xyz
qg.lorzl.gq
retracker.lanta-net.ru
run.publictracker.xyz
secure.pow7.com
share.camoe.cn
sugoi.pomf.se
sukebei.tracker.wf
t1.leech.ie
t1.pow7.com
t2.leech.ie
t2.pow7.com
t3.leech.ie
t.acg.rip
t.btcland.xyz
tehconnection.eu
t.nyaatracker.com
torrent.arjlover.net
torrentclub.space
torrent.fedoraproject.org
torrent.mp3quran.net
torrent.resonatingmedia.com
torrent.rus.ec
torrents.hikarinokiseki.com
torrents.linuxmint.com
torrentsmd.com
torrents-nn.cn
torrent.ubuntu.com
torrent.unix-ag.uni-kl.de
tr.abiir.top
tr.abir.ga
tracker.0x.tf
tracker1.bt.moack.co.kr
tracker1.myporn.club
tracker2.520.jp
tracker2.ctix.cn
tracker2.dler.com
tracker2.dler.org
tracker3.520.jp
tracker.36dm.com
tracker3.ctix.cn
tracker3.dler.org
tracker3.itzmx.com
tracker4.dler.org
tracker4.itzmx.com
tracker7.dler.org
tracker.acgnx.se
tracker.ali213.net
tracker.altrosky.nl
tracker.anirena.com
tracker.auctor.tv
tracker.babico.name.tr
tracker.baka.ink
tracker.baltracker.net
tracker.bitsearch.to
tracker.breizh.pm
tracker.bt4g.com
tracker.btsync.gq
tracker.coppersurfer.tk
tracker.corpscorp.online
tracker.ddunlimited.net
tracker-de.ololosh.space
tracker.dler.com
tracker.dler.org
tracker.dump.cl
tracker.edkj.club
tracker.electro-torrent.pl
tracker.etree.org
tracker.fatkhoala.org
tracker.fdn.fr
tracker.filemail.com
tracker.files.fm
tracker.foreverpirates.co
tracker.frozen-layer.com
tracker.frozen-layer.net
tracker.funfile.org
tracker.gbitt.info
tracker.gcvchp.com
tracker.gigatorrents.ws
tracker.jordan.im
tracker.kali.org
tracker.kuroy.me
tracker.leech.ie
tracker.lelux.fi
tracker.lilithraws.cf
tracker.lilithraws.org
tracker.linkomanija.org
tracker.loadbt.com
tracker.logirl.moe
tracker.minglong.org
tracker.moeking.me
tracker.monitorit4.me
tracker.mywaifu.best
tracker.nanoha.org
tracker.nighthawk.pw
tracker.nitrix.me
tracker.noobsubs.net
tracker.nucozer-tracker.ml
tracker.openbittorrent.com
tracker.open-internet.nl
tracker.opentrackr.org
tracker.pirateparty.gr
tracker.pow7.com
tracker.publictracker.xyz
tracker.pussytorrents.org
tracker.sbsub.com
tracker.shittyurl.org
tracker.skyts.cn
tracker.skyts.net
tracker.srv00.com
tracker.swateam.org.uk
tracker.tallpenguin.org
tracker.tambovnet.org
tracker.tasvideos.org
tracker.theempire.bz
tracker.theoks.net
tracker.tiny-vps.com
tracker.tntvillage.scambioetico.org
tracker.torrentbytes.net
tracker.torrent.eu.org
tracker.torrentleech.org
tracker.torrentsnows.com
tracker.torrenty.org
tracker.trancetraffic.com
tracker.tricitytorrents.com
tracker-udp.gbitt.info
tracker.vraphim.com
tracker.vulnix.sh
tracker.xdvdz.com
tracker.zemoj.com
tracker.zerobytes.xyz
track.plop.pm
tr.bangumi.moe
tr.burnabyhighstar.com
tr.cili001.com
tr.fuckbitcoin.xyz
u4.trakx.crim.ist
v2.iperson.xyz
vibe.sleepyinternetfun.xyz
vps02.net.orel.ru
ws.peer.ooo
www.bit-hdtv.com
www.blackcats-games.net
www.freerainbowtables.com
www.legittorrents.info
www.megatorrents.kg
www.mvgroup.org
www.shnflac.net
www.thegeeks.bz
www.theoccult.bz
www.theplace.bz
www.thevault.bz
www.torrent.eu.org
www.tribalmixes.com
www.tvnihon.com
www.worldboxingvideoarchive.com
www.xwt-classics.net
www.zone-torrent.net
xbtrutor.com
xtremewrestlingtorrents.net
zecircle.xyz
